exports[`Search component should render correctly 1`] = `
<div
  className="dc-search-form">
  <SearchBox
    onChangeAction={[Function bound updateResults]} />
  <SearchButton />
  <SearchResults
    onClickAction={undefined}
    searchResults={
      Array [
        Object {
          "id": 1,
          "name": "Result 1"
        },
        Object {
          "id": 2,
          "name": "Result 2"
        }
      ]
    } />
</div>
`;
